============================= test session starts =============================
platform win32 -- Python 3.12.7, pytest-7.4.4, pluggy-1.0.0 -- C:\python\python.exe
cachedir: .pytest_cache
rootdir: C:\Users\lzy\Pi_zaya
plugins: anyio-4.2.0
collecting ... collected 2 items

tests/unit/test_converter_pipeline.py::test_convert_pipeline_fast_mode FAILED
tests/unit/test_converter_pipeline.py::test_convert_pipeline_missing_file FAILED

================================== FAILURES ===================================
_______________________ test_convert_pipeline_fast_mode _______________________

sample_pdf = WindowsPath('C:/Users/lzy/AppData/Local/Temp/pytest-of-lzy/pytest-10/test_convert_pipeline_fast_mod0/test.pdf')
output_dir = WindowsPath('C:/Users/lzy/AppData/Local/Temp/pytest-of-lzy/pytest-10/test_convert_pipeline_fast_mod0/output')

    def test_convert_pipeline_fast_mode(sample_pdf, output_dir):
        """Test basic conversion pipeline in fast mode."""
>       cfg = ConvertConfig(llm=False)  # Fast mode
E       TypeError: ConvertConfig.__init__() missing 7 required positional arguments: 'pdf_path', 'out_dir', 'translate_zh', 'start_page', 'end_page', 'skip_existing', and 'keep_debug'

tests\unit\test_converter_pipeline.py:38: TypeError
_____________________ test_convert_pipeline_missing_file ______________________

output_dir = WindowsPath('C:/Users/lzy/AppData/Local/Temp/pytest-of-lzy/pytest-10/test_convert_pipeline_missing_0/output')

    def test_convert_pipeline_missing_file(output_dir):
        """Test error handling for missing file."""
>       cfg = ConvertConfig(llm=False)
E       TypeError: ConvertConfig.__init__() missing 7 required positional arguments: 'pdf_path', 'out_dir', 'translate_zh', 'start_page', 'end_page', 'skip_existing', and 'keep_debug'

tests\unit\test_converter_pipeline.py:62: TypeError
=========================== short test summary info ===========================
FAILED tests/unit/test_converter_pipeline.py::test_convert_pipeline_fast_mode
FAILED tests/unit/test_converter_pipeline.py::test_convert_pipeline_missing_file
============================== 2 failed in 1.27s ==============================
